PROJECT
--------------------------
COFFEE SHOP SALES INSIGHTS

(1 row affected)

Total_Transactions Total_Revenue                                                                                                                                                                                                                                                    Avg_Transaction_Value
------------------ ---------------------------------------------------------------------------------------------------------------------------------------------------------------------------------------------------------------------------------------------------------------- ------------------------------------------------------------------------------------------------------------
3547               £112,245.58                                                                                                                                                                                                                                                      £31.65

(1 row affected)

coffee_name                                        Transactions Revenue                                                                                                                                                                                                                                                          Avg_Price
-------------------------------------------------- ------------ ------------------------------------------------------------------------------------------------------------------------------------------------------------------------------------------------
Hot Chocolate                                      276          £9,933.46                                                                                                                                                                                                                                                        £35.99
Cocoa                                              239          £8,521.16                                                                                                                                                                                                                                                        £35.65
Cortado                                            287          £7,384.86                                                                                                                                                                                                                                                        £25.73
Latte                                              757          £26,875.30                                                                                                                                                                                                                                                       £35.50
Americano With Milk                                809          £24,751.12                                                                                                                                                                                                                                                       £30.59

(5 rows affected)

HOURS_IN_A_DAY Transactions Revenue
-------------- ------------ ------------------------------------------------------------------------------------------------------------------------------------------------------------------------------------------------------------------------------------
6              5            £149.40
7              88           £2,846.02
8              235          £7,017.88
9              242          £7,264.28
10             328          £10,198.52
11             283          £8,453.10
12             241          £7,419.62
13             225          £7,028.76
14             225          £7,173.80
15             236          £7,476.02
16             278          £9,031.84
17             237          £7,659.76
18             218          £7,162.60
19             229          £7,751.96
20             169          £5,578.92
21             195          £6,397.94
22             113          £3,635.16

(17 rows affected)

Weekday                                            Transactions Revenue
-------------------------------------------------- ------------ ------------------------------------------------------------------------------------------------------------------------------------------------------------------------------------------------
Monday                                             544          £17,363.10
Tuesday                                            572          £18,168.38
Wednesday                                          500          £15,750.46
Thursday                                           510          £16,091.40
Friday                                             532          £16,802.66
Saturday                                           470          £14,733.52
Sunday                                             419          £13,336.06

(7 rows affected)

PAYMENT_METHOD                                     Transactions Revenue                                                                                                                                                                                                                                                          Avg_Ticket
-------------------------------------------------- ------------ ----------------------------------------------------------------
card                                               3547         £112,245.58                                                                                                                                                                                                                                                      £31.65

(1 row affected)


Completion time: 2025-10-26T17:09:51.8382007+00:00
